// Vitest Snapshot v1, https://vitest.dev/guide/snapshot.html

exports[`Testing de Header.tsx > Debe renderizar el componente correctamente 1`] = `
<body>
  <div>
    <header
      class="bg-gradient-to-r from-red-300 to-purple-500 h-16 sm:h-20 px-4 sm:px-6 shadow-lg fixed top-0 left-0 w-full z-10"
    >
      <div
        class="flex items-center justify-between h-full"
      >
        <h1
          class="text-lg sm:text-2xl font-bold text-white"
        >
          Biblia Reina Valera
        </h1>
        <div
          class="text-white text-sm sm:text-base"
        >
          Iniciar sesi√≥n
        </div>
      </div>
    </header>
  </div>
</body>
`;
